a
  
b

	 
c
